<?xml version="1.0" encoding="utf-8"?><testsuites><testsuite name="pytest" errors="0" failures="0" skipped="0" tests="15" time="7.871" timestamp="2024-05-27T15:17:41.334939" hostname="ELONOTPE06VBRL"><testcase classname="test.01_cenario.test_1-1" name="test_1_1_igualdade_1" time="0.001" /><testcase classname="test.01_cenario.test_1-1" name="test_1_1_igualdade_2" time="0.001" /><testcase classname="test.01_cenario.test_1-1" name="test_1_1_igualdade_3" time="0.001" /><testcase classname="test.01_cenario.test_1-2" name="test_1_2_igualdade_4" time="0.002" /><testcase classname="test.01_cenario.test_1-2" name="test_1_2_igualdade_5" time="0.001" /><testcase classname="test.01_cenario.test_1-2" name="test_1_2_igualdade_6" time="0.001" /><testcase classname="test.01_cenario.test_1-3" name="test_1_3_igualdade_7" time="0.001" /><testcase classname="test.01_cenario.test_1-3" name="test_1_3_igualdade_6" time="0.001" /><testcase classname="test.02_cenario.test_2-1" name="test_2_1_igualdade_10" time="0.002" /><testcase classname="test.02_cenario.test_2-2" name="test_2_2_igualdade_11" time="0.001" /><testcase classname="test.02_cenario.test_2-3" name="test_2_3_igualdade_12" time="0.001" /><testcase classname="test.03_cenario.test_3-1" name="test_3_1_igualdade_13" time="0.001" /><testcase classname="test.03_cenario.test_3-2" name="test_3_2_igualdade_14" time="0.002" /><testcase classname="test.03_cenario.test_3-3" name="test_3_3_igualdade_15" time="0.001" /><testcase classname="test.04_login_Saucedemo.test_login_Saucedemo" name="test_loginSaucedemo" time="5.733" /></testsuite></testsuites>